<?xml version="1.0" encoding="UTF-8"?>
<testsuites name="jest tests" tests="5" failures="0" errors="0" time="2.85">
  <testsuite name="CategoriesService" errors="0" failures="0" skipped="0" timestamp="2026-05-03T09:30:25" time="2.217" tests="3">
    <testcase classname="CategoriesService creates a category with a generated slug when none is provided" name="CategoriesService creates a category with a generated slug when none is provided" time="0.006">
    </testcase>
    <testcase classname="CategoriesService rejects duplicate category slugs" name="CategoriesService rejects duplicate category slugs" time="0.002">
    </testcase>
    <testcase classname="CategoriesService builds a nested category tree from flat repository data" name="CategoriesService builds a nested category tree from flat repository data" time="0.001">
    </testcase>
  </testsuite>
  <testsuite name="CategoriesController (integration)" errors="0" failures="0" skipped="0" timestamp="2026-05-03T09:30:28" time="0.474" tests="2">
    <testcase classname="CategoriesController (integration) returns categories from the slug route without being shadowed by :id" name="CategoriesController (integration) returns categories from the slug route without being shadowed by :id" time="0.001">
    </testcase>
    <testcase classname="CategoriesController (integration) returns a nested category tree" name="CategoriesController (integration) returns a nested category tree" time="0">
    </testcase>
  </testsuite>
</testsuites>